{
  "body" : {
    "kind" : "shape",
    "primitive" : {
      "kind" : "box",
      "size" : {
        "x" : 10,
        "y" : 20,
        "z" : 5
      }
    }
  },
  "kind" : "transform",
  "transform" : [
    [
      0.6644630243886747,
      -0.7071067811865475,
      -0.24184476264797525,
      7.071067811865475
    ],
    [
      0.6644630243886747,
      0.7071067811865475,
      -0.24184476264797522,
      -7.071067811865475
    ],
    [
      0.3420201433256687,
      -2.7755575615628914e-17,
      0.9396926207859084,
      2.7755575615628914e-16
    ],
    [
      0,
      0,
      0,
      1
    ]
  ]
}