{
  "parts" : [
    {
      "defaultMaterial" : {
        "baseColor" : {
          "alpha" : 1,
          "blue" : 1,
          "green" : 1,
          "red" : 1
        }
      },
      "name" : "Model",
      "type" : "solid"
    },
    {
      "cacheKey" : {
        "type" : "6Cadova12NodeCacheKeyVyAA05NamedcD0VAA2D2VG",
        "value" : {
          "base" : {
            "operationName" : "sweep",
            "parameters" : [
              {
                "type" : "6Cadova10BezierPathVyAA8Vector3DVG",
                "value" : {
                  "curves" : [
                    {
                      "controlPoints" : [
                        {
                          "x" : 0,
                          "y" : 0,
                          "z" : 0
                        },
                        {
                          "x" : 10,
                          "y" : 65,
                          "z" : 0
                        },
                        {
                          "x" : 50,
                          "y" : -20,
                          "z" : 0
                        },
                        {
                          "x" : 60,
                          "y" : 50,
                          "z" : 0
                        }
                      ]
                    }
                  ],
                  "startPoint" : {
                    "x" : 0,
                    "y" : 0,
                    "z" : 0
                  }
                }
              },
              {
                "type" : "6Cadova9DirectionVyAA2D2VG",
                "value" : {
                  "unitVector" : {
                    "x" : 0,
                    "y" : -1
                  }
                }
              },
              {
                "type" : "6Cadova15ReferenceTargetO",
                "value" : {
                  "direction" : {
                    "_0" : {
                      "unitVector" : {
                        "x" : 0,
                        "y" : 0,
                        "z" : -1
                      }
                    }
                  }
                }
              },
              {
                "type" : "6Cadova5AngleV",
                "value" : {
                  "degrees" : 2
                }
              },
              {
                "type" : "6Cadova12SegmentationO",
                "value" : {
                  "adaptive" : {
                    "minAngle" : {
                      "degrees" : 2
                    },
                    "minSize" : 0.15
                  }
                }
              }
            ]
          },
          "node" : {
            "children" : [
              {
                "body" : {
                  "body" : {
                    "children" : [
                      {
                        "kind" : "shape2D",
                        "primitive" : {
                          "circle" : {
                            "radius" : 2,
                            "segmentCount" : 83
                          }
                        }
                      },
                      {
                        "body" : {
                          "kind" : "shape2D",
                          "primitive" : {
                            "circle" : {
                              "radius" : 1,
                              "segmentCount" : 41
                            }
                          }
                        },
                        "kind" : "transform",
                        "transform" : [
                          [
                            1,
                            0,
                            10
                          ],
                          [
                            0,
                            1,
                            0
                          ],
                          [
                            0,
                            0,
                            1
                          ]
                        ]
                      }
                    ],
                    "kind" : "boolean",
                    "type" : "union"
                  },
                  "kind" : "convexHull"
                },
                "kind" : "transform",
                "transform" : [
                  [
                    1,
                    -0,
                    0
                  ],
                  [
                    0,
                    1,
                    0
                  ],
                  [
                    0,
                    0,
                    1
                  ]
                ]
              },
              {
                "body" : {
                  "body" : {
                    "children" : [
                      {
                        "kind" : "shape2D",
                        "primitive" : {
                          "circle" : {
                            "radius" : 2,
                            "segmentCount" : 83
                          }
                        }
                      },
                      {
                        "body" : {
                          "kind" : "shape2D",
                          "primitive" : {
                            "circle" : {
                              "radius" : 1,
                              "segmentCount" : 41
                            }
                          }
                        },
                        "kind" : "transform",
                        "transform" : [
                          [
                            1,
                            0,
                            10
                          ],
                          [
                            0,
                            1,
                            0
                          ],
                          [
                            0,
                            0,
                            1
                          ]
                        ]
                      }
                    ],
                    "kind" : "boolean",
                    "type" : "union"
                  },
                  "kind" : "convexHull"
                },
                "kind" : "transform",
                "transform" : [
                  [
                    0.3090169943749474,
                    -0.9510565162951535,
                    0
                  ],
                  [
                    0.9510565162951535,
                    0.3090169943749474,
                    0
                  ],
                  [
                    0,
                    0,
                    1
                  ]
                ]
              },
              {
                "body" : {
                  "body" : {
                    "children" : [
                      {
                        "kind" : "shape2D",
                        "primitive" : {
                          "circle" : {
                            "radius" : 2,
                            "segmentCount" : 83
                          }
                        }
                      },
                      {
                        "body" : {
                          "kind" : "shape2D",
                          "primitive" : {
                            "circle" : {
                              "radius" : 1,
                              "segmentCount" : 41
                            }
                          }
                        },
                        "kind" : "transform",
                        "transform" : [
                          [
                            1,
                            0,
                            10
                          ],
                          [
                            0,
                            1,
                            0
                          ],
                          [
                            0,
                            0,
                            1
                          ]
                        ]
                      }
                    ],
                    "kind" : "boolean",
                    "type" : "union"
                  },
                  "kind" : "convexHull"
                },
                "kind" : "transform",
                "transform" : [
                  [
                    -0.8090169943749475,
                    -0.5877852522924731,
                    0
                  ],
                  [
                    0.5877852522924731,
                    -0.8090169943749475,
                    0
                  ],
                  [
                    0,
                    0,
                    1
                  ]
                ]
              },
              {
                "body" : {
                  "body" : {
                    "children" : [
                      {
                        "kind" : "shape2D",
                        "primitive" : {
                          "circle" : {
                            "radius" : 2,
                            "segmentCount" : 83
                          }
                        }
                      },
                      {
                        "body" : {
                          "kind" : "shape2D",
                          "primitive" : {
                            "circle" : {
                              "radius" : 1,
                              "segmentCount" : 41
                            }
                          }
                        },
                        "kind" : "transform",
                        "transform" : [
                          [
                            1,
                            0,
                            10
                          ],
                          [
                            0,
                            1,
                            0
                          ],
                          [
                            0,
                            0,
                            1
                          ]
                        ]
                      }
                    ],
                    "kind" : "boolean",
                    "type" : "union"
                  },
                  "kind" : "convexHull"
                },
                "kind" : "transform",
                "transform" : [
                  [
                    -0.8090169943749475,
                    0.5877852522924731,
                    0
                  ],
                  [
                    -0.5877852522924731,
                    -0.8090169943749475,
                    0
                  ],
                  [
                    0,
                    0,
                    1
                  ]
                ]
              },
              {
                "body" : {
                  "body" : {
                    "children" : [
                      {
                        "kind" : "shape2D",
                        "primitive" : {
                          "circle" : {
                            "radius" : 2,
                            "segmentCount" : 83
                          }
                        }
                      },
                      {
                        "body" : {
                          "kind" : "shape2D",
                          "primitive" : {
                            "circle" : {
                              "radius" : 1,
                              "segmentCount" : 41
                            }
                          }
                        },
                        "kind" : "transform",
                        "transform" : [
                          [
                            1,
                            0,
                            10
                          ],
                          [
                            0,
                            1,
                            0
                          ],
                          [
                            0,
                            0,
                            1
                          ]
                        ]
                      }
                    ],
                    "kind" : "boolean",
                    "type" : "union"
                  },
                  "kind" : "convexHull"
                },
                "kind" : "transform",
                "transform" : [
                  [
                    0.3090169943749474,
                    0.9510565162951535,
                    0
                  ],
                  [
                    -0.9510565162951535,
                    0.3090169943749474,
                    0
                  ],
                  [
                    0,
                    0,
                    1
                  ]
                ]
              }
            ],
            "kind" : "boolean",
            "type" : "union"
          }
        }
      },
      "kind" : "materialized"
    }
  ]
}