{
  "parts" : [
    {
      "defaultMaterial" : {
        "baseColor" : {
          "alpha" : 1,
          "blue" : 1,
          "green" : 1,
          "red" : 1
        }
      },
      "name" : "Model",
      "type" : "solid"
    },
    {
      "children" : [
        {
          "body" : {
            "cacheKey" : {
              "type" : "6Cadova15IndexedCacheKeyVyAA05NamedcD0VG",
              "value" : {
                "base" : {
                  "operationName" : "Cadova.Separate",
                  "parameters" : [

                  ]
                },
                "index" : 0
              }
            },
            "kind" : "materialized"
          },
          "kind" : "transform",
          "transform" : [
            [
              1,
              0,
              0,
              4.974590422836933
            ],
            [
              0,
              1,
              0,
              0
            ],
            [
              0,
              0,
              1,
              0
            ],
            [
              0,
              0,
              0,
              1
            ]
          ]
        },
        {
          "body" : {
            "cacheKey" : {
              "type" : "6Cadova15IndexedCacheKeyVyAA05NamedcD0VG",
              "value" : {
                "base" : {
                  "operationName" : "Cadova.Separate",
                  "parameters" : [

                  ]
                },
                "index" : 1
              }
            },
            "kind" : "materialized"
          },
          "kind" : "transform",
          "transform" : [
            [
              1,
              0,
              0,
              15.923771268510798
            ],
            [
              0,
              1,
              0,
              0
            ],
            [
              0,
              0,
              1,
              0
            ],
            [
              0,
              0,
              0,
              1
            ]
          ]
        }
      ],
      "kind" : "lazyUnion"
    }
  ]
}