{
  "parts" : [
    {
      "defaultMaterial" : {
        "baseColor" : {
          "alpha" : 1,
          "blue" : 1,
          "green" : 1,
          "red" : 1
        }
      },
      "name" : "Model",
      "type" : "solid"
    },
    {
      "children" : [
        {
          "body" : {
            "body" : {
              "cacheKey" : {
                "type" : "6Cadova15IndexedCacheKeyVyAA05NamedcD0VG",
                "value" : {
                  "base" : {
                    "operationName" : "Cadova.SplitAlongPlane",
                    "parameters" : [
                      {
                        "type" : "6Cadova5PlaneV",
                        "value" : {
                          "normal" : {
                            "unitVector" : {
                              "x" : 0,
                              "y" : -0.3420201433256687,
                              "z" : 0.9396926207859084
                            }
                          },
                          "offset" : {
                            "x" : 0,
                            "y" : 0,
                            "z" : 0
                          }
                        }
                      }
                    ]
                  },
                  "index" : 0
                }
              },
              "kind" : "raw",
              "mesh" : {
                "triangles" : [
                  [
                    1,
                    0,
                    4
                  ],
                  [
                    1,
                    3,
                    0
                  ],
                  [
                    1,
                    5,
                    3
                  ],
                  [
                    3,
                    2,
                    0
                  ],
                  [
                    3,
                    7,
                    2
                  ],
                  [
                    1,
                    4,
                    5
                  ],
                  [
                    5,
                    4,
                    6
                  ],
                  [
                    3,
                    5,
                    7
                  ],
                  [
                    7,
                    6,
                    2
                  ],
                  [
                    5,
                    6,
                    7
                  ],
                  [
                    2,
                    6,
                    0
                  ],
                  [
                    4,
                    0,
                    6
                  ]
                ],
                "vertices" : [
                  {
                    "x" : -5,
                    "y" : -5,
                    "z" : -1.8198511713310115
                  },
                  {
                    "x" : -5,
                    "y" : -5,
                    "z" : 5
                  },
                  {
                    "x" : -5,
                    "y" : 5,
                    "z" : 1.8198511713310115
                  },
                  {
                    "x" : -5,
                    "y" : 5,
                    "z" : 5
                  },
                  {
                    "x" : 5,
                    "y" : -5,
                    "z" : -1.8198511713310115
                  },
                  {
                    "x" : 5,
                    "y" : -5,
                    "z" : 5
                  },
                  {
                    "x" : 5,
                    "y" : 5,
                    "z" : 1.8198511713310115
                  },
                  {
                    "x" : 5,
                    "y" : 5,
                    "z" : 5
                  }
                ]
              }
            },
            "kind" : "transform",
            "transform" : [
              [
                1,
                0,
                0,
                0
              ],
              [
                0,
                1,
                0,
                0
              ],
              [
                0,
                0,
                1,
                0
              ],
              [
                0,
                0,
                0,
                1
              ]
            ]
          },
          "key" : {
            "type" : "6Cadova8MaterialV",
            "value" : {
              "baseColor" : {
                "alpha" : 1,
                "blue" : 0,
                "green" : 0,
                "red" : 1
              }
            }
          },
          "kind" : "tag"
        },
        {
          "body" : {
            "body" : {
              "cacheKey" : {
                "type" : "6Cadova15IndexedCacheKeyVyAA05NamedcD0VG",
                "value" : {
                  "base" : {
                    "operationName" : "Cadova.SplitAlongPlane",
                    "parameters" : [
                      {
                        "type" : "6Cadova5PlaneV",
                        "value" : {
                          "normal" : {
                            "unitVector" : {
                              "x" : 0,
                              "y" : -0.3420201433256687,
                              "z" : 0.9396926207859084
                            }
                          },
                          "offset" : {
                            "x" : 0,
                            "y" : 0,
                            "z" : 0
                          }
                        }
                      }
                    ]
                  },
                  "index" : 1
                }
              },
              "kind" : "raw",
              "mesh" : {
                "triangles" : [
                  [
                    0,
                    1,
                    3
                  ],
                  [
                    0,
                    4,
                    1
                  ],
                  [
                    0,
                    2,
                    4
                  ],
                  [
                    0,
                    3,
                    2
                  ],
                  [
                    2,
                    3,
                    7
                  ],
                  [
                    4,
                    5,
                    1
                  ],
                  [
                    4,
                    6,
                    5
                  ],
                  [
                    2,
                    6,
                    4
                  ],
                  [
                    2,
                    7,
                    6
                  ],
                  [
                    6,
                    7,
                    5
                  ],
                  [
                    1,
                    5,
                    3
                  ],
                  [
                    7,
                    3,
                    5
                  ]
                ],
                "vertices" : [
                  {
                    "x" : -5,
                    "y" : -5,
                    "z" : -5
                  },
                  {
                    "x" : -5,
                    "y" : -5,
                    "z" : -1.8198511713310115
                  },
                  {
                    "x" : -5,
                    "y" : 5,
                    "z" : -5
                  },
                  {
                    "x" : -5,
                    "y" : 5,
                    "z" : 1.8198511713310115
                  },
                  {
                    "x" : 5,
                    "y" : -5,
                    "z" : -5
                  },
                  {
                    "x" : 5,
                    "y" : -5,
                    "z" : -1.8198511713310115
                  },
                  {
                    "x" : 5,
                    "y" : 5,
                    "z" : -5
                  },
                  {
                    "x" : 5,
                    "y" : 5,
                    "z" : 1.8198511713310115
                  }
                ]
              }
            },
            "kind" : "transform",
            "transform" : [
              [
                1,
                0,
                0,
                0
              ],
              [
                0,
                1,
                0,
                0
              ],
              [
                0,
                0,
                1,
                0
              ],
              [
                0,
                0,
                0,
                1
              ]
            ]
          },
          "key" : {
            "type" : "6Cadova8MaterialV",
            "value" : {
              "baseColor" : {
                "alpha" : 1,
                "blue" : 1,
                "green" : 0,
                "red" : 0
              }
            }
          },
          "kind" : "tag"
        }
      ],
      "kind" : "boolean",
      "type" : "union"
    }
  ]
}