{
  "parts" : [
    {
      "defaultMaterial" : {
        "baseColor" : {
          "alpha" : 1,
          "blue" : 1,
          "green" : 1,
          "red" : 1
        }
      },
      "name" : "Model",
      "type" : "solid"
    },
    {
      "children" : [
        {
          "children" : [
            {
              "body" : {
                "kind" : "shape3D",
                "primitive" : {
                  "box" : {
                    "size" : {
                      "x" : 20,
                      "y" : 20,
                      "z" : 20
                    }
                  }
                }
              },
              "kind" : "transform",
              "transform" : [
                [
                  1,
                  0,
                  0,
                  -10
                ],
                [
                  0,
                  1,
                  0,
                  -10
                ],
                [
                  0,
                  0,
                  1,
                  -10
                ],
                [
                  0,
                  0,
                  0,
                  1
                ]
              ]
            },
            {
              "kind" : "shape3D",
              "primitive" : {
                "sphere" : {
                  "radius" : 11.5,
                  "segmentCount" : 180
                }
              }
            }
          ],
          "kind" : "boolean",
          "type" : "intersection"
        },
        {
          "children" : [
            {
              "body" : {
                "children" : [
                  {
                    "body" : {
                      "kind" : "shape3D",
                      "primitive" : {
                        "cylinder" : {
                          "bottomRadius" : 1,
                          "height" : 30,
                          "segmentCount" : 41,
                          "topRadius" : 1
                        }
                      }
                    },
                    "kind" : "transform",
                    "transform" : [
                      [
                        1,
                        0,
                        0,
                        0
                      ],
                      [
                        0,
                        1,
                        0,
                        0
                      ],
                      [
                        -0,
                        0,
                        1,
                        0
                      ],
                      [
                        0,
                        0,
                        0,
                        1
                      ]
                    ]
                  },
                  {
                    "body" : {
                      "kind" : "shape3D",
                      "primitive" : {
                        "cylinder" : {
                          "bottomRadius" : 1,
                          "height" : 30,
                          "segmentCount" : 41,
                          "topRadius" : 1
                        }
                      }
                    },
                    "kind" : "transform",
                    "transform" : [
                      [
                        1,
                        0,
                        0,
                        0
                      ],
                      [
                        0,
                        0.8660254037844387,
                        -0.49999999999999994,
                        0
                      ],
                      [
                        -0,
                        0.49999999999999994,
                        0.8660254037844387,
                        0
                      ],
                      [
                        0,
                        0,
                        0,
                        1
                      ]
                    ]
                  },
                  {
                    "body" : {
                      "kind" : "shape3D",
                      "primitive" : {
                        "cylinder" : {
                          "bottomRadius" : 1,
                          "height" : 30,
                          "segmentCount" : 41,
                          "topRadius" : 1
                        }
                      }
                    },
                    "kind" : "transform",
                    "transform" : [
                      [
                        1,
                        0,
                        0,
                        0
                      ],
                      [
                        0,
                        0.49999999999999994,
                        -0.8660254037844387,
                        0
                      ],
                      [
                        -0,
                        0.8660254037844387,
                        0.49999999999999994,
                        0
                      ],
                      [
                        0,
                        0,
                        0,
                        1
                      ]
                    ]
                  },
                  {
                    "body" : {
                      "kind" : "shape3D",
                      "primitive" : {
                        "cylinder" : {
                          "bottomRadius" : 1,
                          "height" : 30,
                          "segmentCount" : 41,
                          "topRadius" : 1
                        }
                      }
                    },
                    "kind" : "transform",
                    "transform" : [
                      [
                        1,
                        0,
                        0,
                        0
                      ],
                      [
                        0,
                        0,
                        -1,
                        0
                      ],
                      [
                        -0,
                        1,
                        -0,
                        0
                      ],
                      [
                        0,
                        0,
                        0,
                        1
                      ]
                    ]
                  },
                  {
                    "body" : {
                      "kind" : "shape3D",
                      "primitive" : {
                        "cylinder" : {
                          "bottomRadius" : 1,
                          "height" : 30,
                          "segmentCount" : 41,
                          "topRadius" : 1
                        }
                      }
                    },
                    "kind" : "transform",
                    "transform" : [
                      [
                        1,
                        0,
                        0,
                        0
                      ],
                      [
                        0,
                        -0.49999999999999994,
                        -0.8660254037844387,
                        0
                      ],
                      [
                        -0,
                        0.8660254037844387,
                        -0.49999999999999994,
                        0
                      ],
                      [
                        0,
                        0,
                        0,
                        1
                      ]
                    ]
                  },
                  {
                    "body" : {
                      "kind" : "shape3D",
                      "primitive" : {
                        "cylinder" : {
                          "bottomRadius" : 1,
                          "height" : 30,
                          "segmentCount" : 41,
                          "topRadius" : 1
                        }
                      }
                    },
                    "kind" : "transform",
                    "transform" : [
                      [
                        1,
                        0,
                        0,
                        0
                      ],
                      [
                        0,
                        -0.8660254037844387,
                        -0.49999999999999994,
                        0
                      ],
                      [
                        -0,
                        0.49999999999999994,
                        -0.8660254037844387,
                        0
                      ],
                      [
                        0,
                        0,
                        0,
                        1
                      ]
                    ]
                  },
                  {
                    "body" : {
                      "kind" : "shape3D",
                      "primitive" : {
                        "cylinder" : {
                          "bottomRadius" : 1,
                          "height" : 30,
                          "segmentCount" : 41,
                          "topRadius" : 1
                        }
                      }
                    },
                    "kind" : "transform",
                    "transform" : [
                      [
                        1,
                        0,
                        -0,
                        0
                      ],
                      [
                        0,
                        -1,
                        0,
                        0
                      ],
                      [
                        -0,
                        -0,
                        -1,
                        0
                      ],
                      [
                        0,
                        0,
                        0,
                        1
                      ]
                    ]
                  },
                  {
                    "body" : {
                      "kind" : "shape3D",
                      "primitive" : {
                        "cylinder" : {
                          "bottomRadius" : 1,
                          "height" : 30,
                          "segmentCount" : 41,
                          "topRadius" : 1
                        }
                      }
                    },
                    "kind" : "transform",
                    "transform" : [
                      [
                        1,
                        0,
                        -0,
                        0
                      ],
                      [
                        0,
                        -0.8660254037844387,
                        0.49999999999999994,
                        0
                      ],
                      [
                        -0,
                        -0.49999999999999994,
                        -0.8660254037844387,
                        0
                      ],
                      [
                        0,
                        0,
                        0,
                        1
                      ]
                    ]
                  },
                  {
                    "body" : {
                      "kind" : "shape3D",
                      "primitive" : {
                        "cylinder" : {
                          "bottomRadius" : 1,
                          "height" : 30,
                          "segmentCount" : 41,
                          "topRadius" : 1
                        }
                      }
                    },
                    "kind" : "transform",
                    "transform" : [
                      [
                        1,
                        0,
                        -0,
                        0
                      ],
                      [
                        0,
                        -0.49999999999999994,
                        0.8660254037844387,
                        0
                      ],
                      [
                        -0,
                        -0.8660254037844387,
                        -0.49999999999999994,
                        0
                      ],
                      [
                        0,
                        0,
                        0,
                        1
                      ]
                    ]
                  },
                  {
                    "body" : {
                      "kind" : "shape3D",
                      "primitive" : {
                        "cylinder" : {
                          "bottomRadius" : 1,
                          "height" : 30,
                          "segmentCount" : 41,
                          "topRadius" : 1
                        }
                      }
                    },
                    "kind" : "transform",
                    "transform" : [
                      [
                        1,
                        -0,
                        0,
                        0
                      ],
                      [
                        0,
                        0,
                        1,
                        0
                      ],
                      [
                        -0,
                        -1,
                        0,
                        0
                      ],
                      [
                        0,
                        0,
                        0,
                        1
                      ]
                    ]
                  },
                  {
                    "body" : {
                      "kind" : "shape3D",
                      "primitive" : {
                        "cylinder" : {
                          "bottomRadius" : 1,
                          "height" : 30,
                          "segmentCount" : 41,
                          "topRadius" : 1
                        }
                      }
                    },
                    "kind" : "transform",
                    "transform" : [
                      [
                        1,
                        -0,
                        0,
                        0
                      ],
                      [
                        0,
                        0.49999999999999994,
                        0.8660254037844387,
                        0
                      ],
                      [
                        -0,
                        -0.8660254037844387,
                        0.49999999999999994,
                        0
                      ],
                      [
                        0,
                        0,
                        0,
                        1
                      ]
                    ]
                  },
                  {
                    "body" : {
                      "kind" : "shape3D",
                      "primitive" : {
                        "cylinder" : {
                          "bottomRadius" : 1,
                          "height" : 30,
                          "segmentCount" : 41,
                          "topRadius" : 1
                        }
                      }
                    },
                    "kind" : "transform",
                    "transform" : [
                      [
                        1,
                        -0,
                        0,
                        0
                      ],
                      [
                        0,
                        0.8660254037844387,
                        0.49999999999999994,
                        0
                      ],
                      [
                        -0,
                        -0.49999999999999994,
                        0.8660254037844387,
                        0
                      ],
                      [
                        0,
                        0,
                        0,
                        1
                      ]
                    ]
                  }
                ],
                "kind" : "boolean",
                "type" : "union"
              },
              "kind" : "transform",
              "transform" : [
                [
                  1,
                  0,
                  0,
                  0
                ],
                [
                  0,
                  1,
                  0,
                  0
                ],
                [
                  -0,
                  0,
                  1,
                  0
                ],
                [
                  0,
                  0,
                  0,
                  1
                ]
              ]
            },
            {
              "body" : {
                "children" : [
                  {
                    "body" : {
                      "kind" : "shape3D",
                      "primitive" : {
                        "cylinder" : {
                          "bottomRadius" : 1,
                          "height" : 30,
                          "segmentCount" : 41,
                          "topRadius" : 1
                        }
                      }
                    },
                    "kind" : "transform",
                    "transform" : [
                      [
                        1,
                        0,
                        0,
                        0
                      ],
                      [
                        0,
                        1,
                        0,
                        0
                      ],
                      [
                        -0,
                        0,
                        1,
                        0
                      ],
                      [
                        0,
                        0,
                        0,
                        1
                      ]
                    ]
                  },
                  {
                    "body" : {
                      "kind" : "shape3D",
                      "primitive" : {
                        "cylinder" : {
                          "bottomRadius" : 1,
                          "height" : 30,
                          "segmentCount" : 41,
                          "topRadius" : 1
                        }
                      }
                    },
                    "kind" : "transform",
                    "transform" : [
                      [
                        1,
                        0,
                        0,
                        0
                      ],
                      [
                        0,
                        0.8660254037844387,
                        -0.49999999999999994,
                        0
                      ],
                      [
                        -0,
                        0.49999999999999994,
                        0.8660254037844387,
                        0
                      ],
                      [
                        0,
                        0,
                        0,
                        1
                      ]
                    ]
                  },
                  {
                    "body" : {
                      "kind" : "shape3D",
                      "primitive" : {
                        "cylinder" : {
                          "bottomRadius" : 1,
                          "height" : 30,
                          "segmentCount" : 41,
                          "topRadius" : 1
                        }
                      }
                    },
                    "kind" : "transform",
                    "transform" : [
                      [
                        1,
                        0,
                        0,
                        0
                      ],
                      [
                        0,
                        0.49999999999999994,
                        -0.8660254037844387,
                        0
                      ],
                      [
                        -0,
                        0.8660254037844387,
                        0.49999999999999994,
                        0
                      ],
                      [
                        0,
                        0,
                        0,
                        1
                      ]
                    ]
                  },
                  {
                    "body" : {
                      "kind" : "shape3D",
                      "primitive" : {
                        "cylinder" : {
                          "bottomRadius" : 1,
                          "height" : 30,
                          "segmentCount" : 41,
                          "topRadius" : 1
                        }
                      }
                    },
                    "kind" : "transform",
                    "transform" : [
                      [
                        1,
                        0,
                        0,
                        0
                      ],
                      [
                        0,
                        0,
                        -1,
                        0
                      ],
                      [
                        -0,
                        1,
                        -0,
                        0
                      ],
                      [
                        0,
                        0,
                        0,
                        1
                      ]
                    ]
                  },
                  {
                    "body" : {
                      "kind" : "shape3D",
                      "primitive" : {
                        "cylinder" : {
                          "bottomRadius" : 1,
                          "height" : 30,
                          "segmentCount" : 41,
                          "topRadius" : 1
                        }
                      }
                    },
                    "kind" : "transform",
                    "transform" : [
                      [
                        1,
                        0,
                        0,
                        0
                      ],
                      [
                        0,
                        -0.49999999999999994,
                        -0.8660254037844387,
                        0
                      ],
                      [
                        -0,
                        0.8660254037844387,
                        -0.49999999999999994,
                        0
                      ],
                      [
                        0,
                        0,
                        0,
                        1
                      ]
                    ]
                  },
                  {
                    "body" : {
                      "kind" : "shape3D",
                      "primitive" : {
                        "cylinder" : {
                          "bottomRadius" : 1,
                          "height" : 30,
                          "segmentCount" : 41,
                          "topRadius" : 1
                        }
                      }
                    },
                    "kind" : "transform",
                    "transform" : [
                      [
                        1,
                        0,
                        0,
                        0
                      ],
                      [
                        0,
                        -0.8660254037844387,
                        -0.49999999999999994,
                        0
                      ],
                      [
                        -0,
                        0.49999999999999994,
                        -0.8660254037844387,
                        0
                      ],
                      [
                        0,
                        0,
                        0,
                        1
                      ]
                    ]
                  },
                  {
                    "body" : {
                      "kind" : "shape3D",
                      "primitive" : {
                        "cylinder" : {
                          "bottomRadius" : 1,
                          "height" : 30,
                          "segmentCount" : 41,
                          "topRadius" : 1
                        }
                      }
                    },
                    "kind" : "transform",
                    "transform" : [
                      [
                        1,
                        0,
                        -0,
                        0
                      ],
                      [
                        0,
                        -1,
                        0,
                        0
                      ],
                      [
                        -0,
                        -0,
                        -1,
                        0
                      ],
                      [
                        0,
                        0,
                        0,
                        1
                      ]
                    ]
                  },
                  {
                    "body" : {
                      "kind" : "shape3D",
                      "primitive" : {
                        "cylinder" : {
                          "bottomRadius" : 1,
                          "height" : 30,
                          "segmentCount" : 41,
                          "topRadius" : 1
                        }
                      }
                    },
                    "kind" : "transform",
                    "transform" : [
                      [
                        1,
                        0,
                        -0,
                        0
                      ],
                      [
                        0,
                        -0.8660254037844387,
                        0.49999999999999994,
                        0
                      ],
                      [
                        -0,
                        -0.49999999999999994,
                        -0.8660254037844387,
                        0
                      ],
                      [
                        0,
                        0,
                        0,
                        1
                      ]
                    ]
                  },
                  {
                    "body" : {
                      "kind" : "shape3D",
                      "primitive" : {
                        "cylinder" : {
                          "bottomRadius" : 1,
                          "height" : 30,
                          "segmentCount" : 41,
                          "topRadius" : 1
                        }
                      }
                    },
                    "kind" : "transform",
                    "transform" : [
                      [
                        1,
                        0,
                        -0,
                        0
                      ],
                      [
                        0,
                        -0.49999999999999994,
                        0.8660254037844387,
                        0
                      ],
                      [
                        -0,
                        -0.8660254037844387,
                        -0.49999999999999994,
                        0
                      ],
                      [
                        0,
                        0,
                        0,
                        1
                      ]
                    ]
                  },
                  {
                    "body" : {
                      "kind" : "shape3D",
                      "primitive" : {
                        "cylinder" : {
                          "bottomRadius" : 1,
                          "height" : 30,
                          "segmentCount" : 41,
                          "topRadius" : 1
                        }
                      }
                    },
                    "kind" : "transform",
                    "transform" : [
                      [
                        1,
                        -0,
                        0,
                        0
                      ],
                      [
                        0,
                        0,
                        1,
                        0
                      ],
                      [
                        -0,
                        -1,
                        0,
                        0
                      ],
                      [
                        0,
                        0,
                        0,
                        1
                      ]
                    ]
                  },
                  {
                    "body" : {
                      "kind" : "shape3D",
                      "primitive" : {
                        "cylinder" : {
                          "bottomRadius" : 1,
                          "height" : 30,
                          "segmentCount" : 41,
                          "topRadius" : 1
                        }
                      }
                    },
                    "kind" : "transform",
                    "transform" : [
                      [
                        1,
                        -0,
                        0,
                        0
                      ],
                      [
                        0,
                        0.49999999999999994,
                        0.8660254037844387,
                        0
                      ],
                      [
                        -0,
                        -0.8660254037844387,
                        0.49999999999999994,
                        0
                      ],
                      [
                        0,
                        0,
                        0,
                        1
                      ]
                    ]
                  },
                  {
                    "body" : {
                      "kind" : "shape3D",
                      "primitive" : {
                        "cylinder" : {
                          "bottomRadius" : 1,
                          "height" : 30,
                          "segmentCount" : 41,
                          "topRadius" : 1
                        }
                      }
                    },
                    "kind" : "transform",
                    "transform" : [
                      [
                        1,
                        -0,
                        0,
                        0
                      ],
                      [
                        0,
                        0.8660254037844387,
                        0.49999999999999994,
                        0
                      ],
                      [
                        -0,
                        -0.49999999999999994,
                        0.8660254037844387,
                        0
                      ],
                      [
                        0,
                        0,
                        0,
                        1
                      ]
                    ]
                  }
                ],
                "kind" : "boolean",
                "type" : "union"
              },
              "kind" : "transform",
              "transform" : [
                [
                  -0,
                  -1,
                  0,
                  0
                ],
                [
                  1,
                  0,
                  0,
                  0
                ],
                [
                  -0,
                  0,
                  1,
                  0
                ],
                [
                  0,
                  0,
                  0,
                  1
                ]
              ]
            }
          ],
          "kind" : "boolean",
          "type" : "union"
        }
      ],
      "kind" : "boolean",
      "type" : "difference"
    }
  ]
}