{
  "kind" : "shape",
  "primitive" : {
    "kind" : "box",
    "size" : {
      "x" : 10,
      "y" : 20,
      "z" : 30
    }
  }
}