{
  "parts" : [
    {
      "defaultMaterial" : {
        "baseColor" : {
          "alpha" : 1,
          "blue" : 1,
          "green" : 1,
          "red" : 1
        }
      },
      "name" : "Model",
      "type" : "solid"
    },
    {
      "children" : [
        {
          "children" : [
            {
              "children" : [
                {
                  "body" : {
                    "kind" : "shape2D",
                    "primitive" : {
                      "rectangle" : {
                        "size" : {
                          "x" : 30,
                          "y" : 10
                        }
                      }
                    }
                  },
                  "kind" : "transform",
                  "transform" : [
                    [
                      1,
                      0,
                      0
                    ],
                    [
                      0,
                      1,
                      -5
                    ],
                    [
                      0,
                      0,
                      1
                    ]
                  ]
                },
                {
                  "kind" : "shape2D",
                  "primitive" : {
                    "circle" : {
                      "radius" : 4,
                      "segmentCount" : 167
                    }
                  }
                }
              ],
              "kind" : "boolean",
              "type" : "difference"
            },
            {
              "cacheKey" : {
                "type" : "6Cadova15LabeledCacheKeyV",
                "value" : {
                  "operationName" : "polygon",
                  "parameters" : [
                    {
                      "type" : "6Cadova13PolygonPointsO",
                      "value" : {
                        "literal" : {
                          "_0" : [
                            {
                              "x" : 0,
                              "y" : -10
                            },
                            {
                              "x" : 20,
                              "y" : 2
                            },
                            {
                              "x" : 0,
                              "y" : 10
                            }
                          ]
                        }
                      }
                    }
                  ]
                }
              },
              "kind" : "materialized"
            }
          ],
          "kind" : "boolean",
          "type" : "intersection"
        },
        {
          "cacheKey" : {
            "type" : "6Cadova15LabeledCacheKeyV",
            "value" : {
              "operationName" : "polygon",
              "parameters" : [
                {
                  "type" : "6Cadova13PolygonPointsO",
                  "value" : {
                    "literal" : {
                      "_0" : [
                        {
                          "x" : 0,
                          "y" : 0
                        },
                        {
                          "x" : 0.6077686218342562,
                          "y" : 3.446827135542728
                        },
                        {
                          "x" : 0.46053433532912674,
                          "y" : 3.469568867450675
                        },
                        {
                          "x" : 0.31246563123018034,
                          "y" : 3.4860242726205914
                        },
                        {
                          "x" : 0.16383078732327527,
                          "y" : 3.496163536381706
                        },
                        {
                          "x" : 0.01489910715278583,
                          "y" : 3.4999682879429135
                        },
                        {
                          "x" : -0.1340595679151233,
                          "y" : 3.497431633677835
                        },
                        {
                          "x" : -0.28277534760367284,
                          "y" : 3.4885581696150094
                        },
                        {
                          "x" : -0.43097878172526355,
                          "y" : 3.4733639731105934
                        },
                        {
                          "x" : -0.5784013483838966,
                          "y" : 3.451876573718662
                        },
                        {
                          "x" : -0.7247759404956718,
                          "y" : 3.4241349033118738
                        },
                        {
                          "x" : -0.8698373497458639,
                          "y" : 3.3901892255428887
                        },
                        {
                          "x" : -1.0133227471057191,
                          "y" : 3.350101044774339
                        },
                        {
                          "x" : -1.1549721590383517,
                          "y" : 3.303942994642354
                        },
                        {
                          "x" : -1.2945289385309264,
                          "y" : 3.2517987064555505
                        },
                        {
                          "x" : -1.43174023009969,
                          "y" : 3.193762657667925
                        },
                        {
                          "x" : -1.566357427925329,
                          "y" : 3.1299400007001967
                        },
                        {
                          "x" : -1.6981366262885982,
                          "y" : 3.060446372419745
                        },
                        {
                          "x" : -1.8268390614900776,
                          "y" : 2.9854076846243385
                        },
                        {
                          "x" : -1.9522315444533809,
                          "y" : 2.904959895909265
                        },
                        {
                          "x" : -2.074086883228006,
                          "y" : 2.8192487653312073
                        },
                        {
                          "x" : -2.192184294626307,
                          "y" : 2.7284295883151835
                        },
                        {
                          "x" : -2.306309804248776,
                          "y" : 2.6326669152830506
                        },
                        {
                          "x" : -2.416256634172841,
                          "y" : 2.532134253513374
                        },
                        {
                          "x" : -2.5218255776027547,
                          "y" : 2.427013752772846
                        },
                        {
                          "x" : -2.622825359801756,
                          "y" : 2.31749587528884
                        },
                        {
                          "x" : -2.719072984652568,
                          "y" : 2.2037790506610624
                        },
                        {
                          "x" : -2.8103940662182962,
                          "y" : 2.0860693163375443
                        },
                        {
                          "x" : -2.896623144703005,
                          "y" : 1.9645799443063836
                        },
                        {
                          "x" : -2.9776039862394943,
                          "y" : 1.8395310546796082
                        },
                        {
                          "x" : -3.0531898659611127,
                          "y" : 1.7111492168692832
                        },
                        {
                          "x" : -3.123243833844712,
                          "y" : 1.5796670390784846
                        },
                        {
                          "x" : -3.1876389628430886,
                          "y" : 1.445322746850903
                        },
                        {
                          "x" : -3.2462585788573315,
                          "y" : 1.30835975144269
                        },
                        {
                          "x" : -3.2989964721323966,
                          "y" : 1.1690262087985896
                        },
                        {
                          "x" : -3.3457570896928934,
                          "y" : 1.027574569931419
                        },
                        {
                          "x" : -3.386455708470428,
                          "y" : 0.8842611235195476
                        },
                        {
                          "x" : -3.4210185888088076,
                          "y" : 0.7393455315511113
                        },
                        {
                          "x" : -3.449383108068991,
                          "y" : 0.5930903588563099
                        },
                        {
                          "x" : -3.4714978740917077,
                          "y" : 0.44576059738019824
                        },
                        {
                          "x" : -3.48732281831217,
                          "y" : 0.297623186057917
                        },
                        {
                          "x" : -3.496829268358165,
                          "y" : 0.14894652716227705
                        },
                        {
                          "x" : -3.5,
                          "y" : -0
                        },
                        {
                          "x" : -3.496829268358165,
                          "y" : -0.14894652716227705
                        },
                        {
                          "x" : -3.48732281831217,
                          "y" : -0.297623186057917
                        },
                        {
                          "x" : -3.4714978740917077,
                          "y" : -0.44576059738019824
                        },
                        {
                          "x" : -3.449383108068991,
                          "y" : -0.5930903588563099
                        },
                        {
                          "x" : -3.4210185888088076,
                          "y" : -0.7393455315511113
                        },
                        {
                          "x" : -3.386455708470428,
                          "y" : -0.8842611235195476
                        },
                        {
                          "x" : -3.3457570896928934,
                          "y" : -1.027574569931419
                        },
                        {
                          "x" : -3.2989964721323966,
                          "y" : -1.1690262087985896
                        },
                        {
                          "x" : -3.2462585788573315,
                          "y" : -1.30835975144269
                        },
                        {
                          "x" : -3.1876389628430886,
                          "y" : -1.445322746850903
                        },
                        {
                          "x" : -3.123243833844712,
                          "y" : -1.5796670390784846
                        },
                        {
                          "x" : -3.0531898659611127,
                          "y" : -1.7111492168692848
                        },
                        {
                          "x" : -2.977603986239493,
                          "y" : -1.8395310546796093
                        },
                        {
                          "x" : -2.896623144703005,
                          "y" : -1.9645799443063852
                        },
                        {
                          "x" : -2.8103940662182954,
                          "y" : -2.0860693163375443
                        },
                        {
                          "x" : -2.7190729846525694,
                          "y" : -2.203779050661061
                        },
                        {
                          "x" : -2.622825359801755,
                          "y" : -2.31749587528884
                        },
                        {
                          "x" : -2.5218255776027556,
                          "y" : -2.427013752772846
                        },
                        {
                          "x" : -2.41625663417284,
                          "y" : -2.532134253513374
                        },
                        {
                          "x" : -2.3063098042487775,
                          "y" : -2.6326669152830506
                        },
                        {
                          "x" : -2.1921842946263057,
                          "y" : -2.7284295883151835
                        },
                        {
                          "x" : -2.0740868832280075,
                          "y" : -2.8192487653312073
                        },
                        {
                          "x" : -1.9522315444533795,
                          "y" : -2.904959895909265
                        },
                        {
                          "x" : -1.826839061490079,
                          "y" : -2.9854076846243385
                        },
                        {
                          "x" : -1.6981366262885969,
                          "y" : -3.060446372419746
                        },
                        {
                          "x" : -1.5663574279253303,
                          "y" : -3.1299400007001967
                        },
                        {
                          "x" : -1.4317402300996884,
                          "y" : -3.193762657667925
                        },
                        {
                          "x" : -1.2945289385309293,
                          "y" : -3.25179870645555
                        },
                        {
                          "x" : -1.1549721590383517,
                          "y" : -3.3039429946423535
                        },
                        {
                          "x" : -1.0133227471057225,
                          "y" : -3.350101044774339
                        },
                        {
                          "x" : -0.8698373497458639,
                          "y" : -3.3901892255428887
                        },
                        {
                          "x" : -0.7247759404956718,
                          "y" : -3.4241349033118738
                        },
                        {
                          "x" : -0.5784013483838966,
                          "y" : -3.4518765737186623
                        },
                        {
                          "x" : -0.43097878172526355,
                          "y" : -3.4733639731105934
                        },
                        {
                          "x" : -0.28277534760367284,
                          "y" : -3.4885581696150094
                        },
                        {
                          "x" : -0.13405956791512674,
                          "y" : -3.497431633677835
                        },
                        {
                          "x" : 0.01489910715278583,
                          "y" : -3.4999682879429135
                        },
                        {
                          "x" : 0.16383078732327527,
                          "y" : -3.496163536381706
                        },
                        {
                          "x" : 0.31246563123018034,
                          "y" : -3.4860242726205914
                        },
                        {
                          "x" : 0.46053433532912674,
                          "y" : -3.469568867450675
                        },
                        {
                          "x" : 0.6077686218342562,
                          "y" : -3.446827135542728
                        }
                      ]
                    }
                  }
                }
              ]
            }
          },
          "kind" : "materialized"
        }
      ],
      "kind" : "boolean",
      "type" : "union"
    }
  ]
}