{
  "parts" : [
    {
      "defaultMaterial" : {
        "baseColor" : {
          "alpha" : 1,
          "blue" : 1,
          "green" : 1,
          "red" : 1
        }
      },
      "name" : "Model",
      "type" : "solid"
    },
    {
      "children" : [
        {
          "body" : {
            "kind" : "shape2D",
            "primitive" : {
              "circle" : {
                "radius" : 4,
                "segmentCount" : 167
              }
            }
          },
          "kind" : "transform",
          "transform" : [
            [
              2,
              0,
              0
            ],
            [
              0,
              1,
              0
            ],
            [
              0,
              0,
              1
            ]
          ]
        },
        {
          "body" : {
            "kind" : "shape2D",
            "primitive" : {
              "polygons" : {
                "_0" : {
                  "polygons" : [
                    {
                      "vertices" : [
                        {
                          "x" : 0,
                          "y" : 0
                        },
                        {
                          "x" : 3.7587704831436337,
                          "y" : 1.3680805733026749
                        },
                        {
                          "x" : 3.704698595831106,
                          "y" : 1.5083793667532817
                        },
                        {
                          "x" : 3.645392080441462,
                          "y" : 1.6465468653684503
                        },
                        {
                          "x" : 3.580934735303387,
                          "y" : 1.782387842613852
                        },
                        {
                          "x" : 3.511417636713618,
                          "y" : 1.915710359260123
                        },
                        {
                          "x" : 3.4369390102488673,
                          "y" : 2.04632603458724
                        },
                        {
                          "x" : 3.357604091976024,
                          "y" : 2.174050312560834
                        },
                        {
                          "x" : 3.273524979756748,
                          "y" : 2.2987027226043355
                        },
                        {
                          "x" : 3.1848204748565507,
                          "y" : 2.4201071345984864
                        },
                        {
                          "x" : 3.091615914082167,
                          "y" : 2.538092007747924
                        },
                        {
                          "x" : 2.994042992684404,
                          "y" : 2.6524906329631808
                        },
                        {
                          "x" : 2.892239578276702,
                          "y" : 2.7631413684156314
                        },
                        {
                          "x" : 2.7863495160323217,
                          "y" : 2.8698878679325523
                        },
                        {
                          "x" : 2.676522425435433,
                          "y" : 2.972579301909577
                        },
                        {
                          "x" : 2.562913488873266,
                          "y" : 3.071070570428408
                        },
                        {
                          "x" : 2.4456832323680473,
                          "y" : 3.1652225082786476
                        },
                        {
                          "x" : 2.324997298758547,
                          "y" : 3.254902081594078
                        },
                        {
                          "x" : 2.201026213651701,
                          "y" : 3.3399825758255175
                        },
                        {
                          "x" : 2.0739451444750534,
                          "y" : 3.420343774784685
                        },
                        {
                          "x" : 1.9439336529704234,
                          "y" : 3.495872130506072
                        },
                        {
                          "x" : 1.811175441478548,
                          "y" : 3.5664609236868117
                        },
                        {
                          "x" : 1.6758580933731806,
                          "y" : 3.632010414477856
                        },
                        {
                          "x" : 1.538172808011403,
                          "y" : 3.6924279834133955
                        },
                        {
                          "x" : 1.398314130574671,
                          "y" : 3.747628262279385
                        },
                        {
                          "x" : 1.256479677182301,
                          "y" : 3.797533254736272
                        },
                        {
                          "x" : 1.112869855665811,
                          "y" : 3.842072446525489
                        },
                        {
                          "x" : 0.9676875823986709,
                          "y" : 3.881182905103986
                        },
                        {
                          "x" : 0.8211379955815429,
                          "y" : 3.9148093685660257
                        },
                        {
                          "x" : 0.6734281653881532,
                          "y" : 3.9429043237266037
                        },
                        {
                          "x" : 0.524766801381346,
                          "y" : 3.965428073256151
                        },
                        {
                          "x" : 0.3753639576127173,
                          "y" : 3.982348791771675
                        },
                        {
                          "x" : 0.22543073582254908,
                          "y" : 3.993642570805067
                        },
                        {
                          "x" : 0.07517898715936897,
                          "y" : 3.9992934525850554
                        },
                        {
                          "x" : -0.07517898715936897,
                          "y" : 3.9992934525850554
                        },
                        {
                          "x" : -0.22543073582254908,
                          "y" : 3.9936425708050667
                        },
                        {
                          "x" : -0.3753639576127173,
                          "y" : 3.982348791771675
                        },
                        {
                          "x" : -0.524766801381346,
                          "y" : 3.965428073256151
                        },
                        {
                          "x" : -0.6734281653881532,
                          "y" : 3.9429043237266037
                        },
                        {
                          "x" : -0.8211379955815449,
                          "y" : 3.9148093685660257
                        },
                        {
                          "x" : -0.9676875823986709,
                          "y" : 3.881182905103986
                        },
                        {
                          "x" : -1.112869855665811,
                          "y" : 3.842072446525489
                        },
                        {
                          "x" : -1.256479677182301,
                          "y" : 3.797533254736272
                        },
                        {
                          "x" : -1.398314130574671,
                          "y" : 3.7476282622793846
                        },
                        {
                          "x" : -1.538172808011403,
                          "y" : 3.6924279834133955
                        },
                        {
                          "x" : -1.6758580933731806,
                          "y" : 3.632010414477856
                        },
                        {
                          "x" : -1.811175441478548,
                          "y" : 3.5664609236868117
                        },
                        {
                          "x" : -1.9439336529704254,
                          "y" : 3.495872130506072
                        },
                        {
                          "x" : -2.0739451444750534,
                          "y" : 3.420343774784685
                        },
                        {
                          "x" : -2.201026213651701,
                          "y" : 3.3399825758255175
                        },
                        {
                          "x" : -2.324997298758547,
                          "y" : 3.254902081594078
                        },
                        {
                          "x" : -2.4456832323680473,
                          "y" : 3.1652225082786476
                        },
                        {
                          "x" : -2.562913488873266,
                          "y" : 3.071070570428408
                        },
                        {
                          "x" : -2.676522425435433,
                          "y" : 2.972579301909577
                        },
                        {
                          "x" : -2.78634951603232,
                          "y" : 2.8698878679325532
                        },
                        {
                          "x" : -2.892239578276702,
                          "y" : 2.7631413684156305
                        },
                        {
                          "x" : -2.994042992684404,
                          "y" : 2.652490632963181
                        },
                        {
                          "x" : -3.091615914082168,
                          "y" : 2.5380920077479225
                        },
                        {
                          "x" : -3.1848204748565507,
                          "y" : 2.420107134598486
                        },
                        {
                          "x" : -3.2735249797567483,
                          "y" : 2.2987027226043346
                        },
                        {
                          "x" : -3.357604091976025,
                          "y" : 2.174050312560833
                        },
                        {
                          "x" : -3.4369390102488673,
                          "y" : 2.04632603458724
                        },
                        {
                          "x" : -3.511417636713618,
                          "y" : 1.9157103592601226
                        },
                        {
                          "x" : -3.580934735303387,
                          "y" : 1.7823878426138517
                        },
                        {
                          "x" : -3.6453920804414617,
                          "y" : 1.6465468653684512
                        },
                        {
                          "x" : -3.7046985958311067,
                          "y" : 1.5083793667532803
                        },
                        {
                          "x" : -3.7587704831436337,
                          "y" : 1.3680805733026749
                        }
                      ]
                    }
                  ]
                },
                "fillRule" : {
                  "nonZero" : {

                  }
                }
              }
            }
          },
          "kind" : "transform",
          "transform" : [
            [
              1,
              0,
              15
            ],
            [
              0,
              1,
              0
            ],
            [
              0,
              0,
              1
            ]
          ]
        },
        {
          "body" : {
            "kind" : "shape2D",
            "primitive" : {
              "circle" : {
                "radius" : 2.5,
                "segmentCount" : 104
              }
            }
          },
          "kind" : "transform",
          "transform" : [
            [
              1,
              0,
              22
            ],
            [
              0,
              1,
              0
            ],
            [
              0,
              0,
              1
            ]
          ]
        },
        {
          "body" : {
            "kind" : "shape2D",
            "primitive" : {
              "circle" : {
                "radius" : 2,
                "segmentCount" : 83
              }
            }
          },
          "kind" : "transform",
          "transform" : [
            [
              1,
              0,
              27
            ],
            [
              0,
              1,
              0
            ],
            [
              0,
              0,
              1
            ]
          ]
        },
        {
          "body" : {
            "children" : [
              {
                "body" : {
                  "children" : [
                    {
                      "kind" : "shape2D",
                      "primitive" : {
                        "circle" : {
                          "radius" : 5,
                          "segmentCount" : 180
                        }
                      }
                    },
                    {
                      "children" : [
                        {
                          "body" : {
                            "kind" : "shape2D",
                            "primitive" : {
                              "rectangle" : {
                                "size" : {
                                  "x" : 10,
                                  "y" : 10
                                }
                              }
                            }
                          },
                          "kind" : "transform",
                          "transform" : [
                            [
                              1,
                              0,
                              3
                            ],
                            [
                              0,
                              1,
                              -5
                            ],
                            [
                              0,
                              0,
                              1
                            ]
                          ]
                        },
                        {
                          "body" : {
                            "kind" : "shape2D",
                            "primitive" : {
                              "rectangle" : {
                                "size" : {
                                  "x" : 10,
                                  "y" : 10
                                }
                              }
                            }
                          },
                          "kind" : "transform",
                          "transform" : [
                            [
                              -0.49999999999999994,
                              -0.8660254037844387,
                              2.8301270189221936
                            ],
                            [
                              0.8660254037844387,
                              -0.49999999999999994,
                              5.098076211353316
                            ],
                            [
                              0,
                              0,
                              1
                            ]
                          ]
                        },
                        {
                          "body" : {
                            "kind" : "shape2D",
                            "primitive" : {
                              "rectangle" : {
                                "size" : {
                                  "x" : 10,
                                  "y" : 10
                                }
                              }
                            }
                          },
                          "kind" : "transform",
                          "transform" : [
                            [
                              -0.49999999999999994,
                              0.8660254037844387,
                              -5.830127018922194
                            ],
                            [
                              -0.8660254037844387,
                              -0.49999999999999994,
                              -0.09807621135331629
                            ],
                            [
                              0,
                              0,
                              1
                            ]
                          ]
                        }
                      ],
                      "kind" : "boolean",
                      "type" : "union"
                    }
                  ],
                  "kind" : "boolean",
                  "type" : "difference"
                },
                "kind" : "transform",
                "transform" : [
                  [
                    0.9396926207859084,
                    -0.3420201433256687,
                    14.095389311788626
                  ],
                  [
                    0.3420201433256687,
                    0.9396926207859084,
                    5.130302149885031
                  ],
                  [
                    0,
                    0,
                    1
                  ]
                ]
              },
              {
                "body" : {
                  "children" : [
                    {
                      "kind" : "shape2D",
                      "primitive" : {
                        "circle" : {
                          "radius" : 5,
                          "segmentCount" : 180
                        }
                      }
                    },
                    {
                      "children" : [
                        {
                          "body" : {
                            "kind" : "shape2D",
                            "primitive" : {
                              "rectangle" : {
                                "size" : {
                                  "x" : 10,
                                  "y" : 10
                                }
                              }
                            }
                          },
                          "kind" : "transform",
                          "transform" : [
                            [
                              1,
                              0,
                              3
                            ],
                            [
                              0,
                              1,
                              -5
                            ],
                            [
                              0,
                              0,
                              1
                            ]
                          ]
                        },
                        {
                          "body" : {
                            "kind" : "shape2D",
                            "primitive" : {
                              "rectangle" : {
                                "size" : {
                                  "x" : 10,
                                  "y" : 10
                                }
                              }
                            }
                          },
                          "kind" : "transform",
                          "transform" : [
                            [
                              -0.49999999999999994,
                              -0.8660254037844387,
                              2.8301270189221936
                            ],
                            [
                              0.8660254037844387,
                              -0.49999999999999994,
                              5.098076211353316
                            ],
                            [
                              0,
                              0,
                              1
                            ]
                          ]
                        },
                        {
                          "body" : {
                            "kind" : "shape2D",
                            "primitive" : {
                              "rectangle" : {
                                "size" : {
                                  "x" : 10,
                                  "y" : 10
                                }
                              }
                            }
                          },
                          "kind" : "transform",
                          "transform" : [
                            [
                              -0.49999999999999994,
                              0.8660254037844387,
                              -5.830127018922194
                            ],
                            [
                              -0.8660254037844387,
                              -0.49999999999999994,
                              -0.09807621135331629
                            ],
                            [
                              0,
                              0,
                              1
                            ]
                          ]
                        }
                      ],
                      "kind" : "boolean",
                      "type" : "union"
                    }
                  ],
                  "kind" : "boolean",
                  "type" : "difference"
                },
                "kind" : "transform",
                "transform" : [
                  [
                    0.40673664307580015,
                    -0.9135454576426009,
                    6.101049646137002
                  ],
                  [
                    0.9135454576426009,
                    0.40673664307580015,
                    13.703181864639014
                  ],
                  [
                    0,
                    0,
                    1
                  ]
                ]
              },
              {
                "body" : {
                  "children" : [
                    {
                      "kind" : "shape2D",
                      "primitive" : {
                        "circle" : {
                          "radius" : 5,
                          "segmentCount" : 180
                        }
                      }
                    },
                    {
                      "children" : [
                        {
                          "body" : {
                            "kind" : "shape2D",
                            "primitive" : {
                              "rectangle" : {
                                "size" : {
                                  "x" : 10,
                                  "y" : 10
                                }
                              }
                            }
                          },
                          "kind" : "transform",
                          "transform" : [
                            [
                              1,
                              0,
                              3
                            ],
                            [
                              0,
                              1,
                              -5
                            ],
                            [
                              0,
                              0,
                              1
                            ]
                          ]
                        },
                        {
                          "body" : {
                            "kind" : "shape2D",
                            "primitive" : {
                              "rectangle" : {
                                "size" : {
                                  "x" : 10,
                                  "y" : 10
                                }
                              }
                            }
                          },
                          "kind" : "transform",
                          "transform" : [
                            [
                              -0.49999999999999994,
                              -0.8660254037844387,
                              2.8301270189221936
                            ],
                            [
                              0.8660254037844387,
                              -0.49999999999999994,
                              5.098076211353316
                            ],
                            [
                              0,
                              0,
                              1
                            ]
                          ]
                        },
                        {
                          "body" : {
                            "kind" : "shape2D",
                            "primitive" : {
                              "rectangle" : {
                                "size" : {
                                  "x" : 10,
                                  "y" : 10
                                }
                              }
                            }
                          },
                          "kind" : "transform",
                          "transform" : [
                            [
                              -0.49999999999999994,
                              0.8660254037844387,
                              -5.830127018922194
                            ],
                            [
                              -0.8660254037844387,
                              -0.49999999999999994,
                              -0.09807621135331629
                            ],
                            [
                              0,
                              0,
                              1
                            ]
                          ]
                        }
                      ],
                      "kind" : "boolean",
                      "type" : "union"
                    }
                  ],
                  "kind" : "boolean",
                  "type" : "difference"
                },
                "kind" : "transform",
                "transform" : [
                  [
                    -0.374606593415912,
                    -0.9271838545667874,
                    -5.61909890123868
                  ],
                  [
                    0.9271838545667874,
                    -0.374606593415912,
                    13.90775781850181
                  ],
                  [
                    0,
                    0,
                    1
                  ]
                ]
              },
              {
                "body" : {
                  "children" : [
                    {
                      "kind" : "shape2D",
                      "primitive" : {
                        "circle" : {
                          "radius" : 5,
                          "segmentCount" : 180
                        }
                      }
                    },
                    {
                      "children" : [
                        {
                          "body" : {
                            "kind" : "shape2D",
                            "primitive" : {
                              "rectangle" : {
                                "size" : {
                                  "x" : 10,
                                  "y" : 10
                                }
                              }
                            }
                          },
                          "kind" : "transform",
                          "transform" : [
                            [
                              1,
                              0,
                              3
                            ],
                            [
                              0,
                              1,
                              -5
                            ],
                            [
                              0,
                              0,
                              1
                            ]
                          ]
                        },
                        {
                          "body" : {
                            "kind" : "shape2D",
                            "primitive" : {
                              "rectangle" : {
                                "size" : {
                                  "x" : 10,
                                  "y" : 10
                                }
                              }
                            }
                          },
                          "kind" : "transform",
                          "transform" : [
                            [
                              -0.49999999999999994,
                              -0.8660254037844387,
                              2.8301270189221936
                            ],
                            [
                              0.8660254037844387,
                              -0.49999999999999994,
                              5.098076211353316
                            ],
                            [
                              0,
                              0,
                              1
                            ]
                          ]
                        },
                        {
                          "body" : {
                            "kind" : "shape2D",
                            "primitive" : {
                              "rectangle" : {
                                "size" : {
                                  "x" : 10,
                                  "y" : 10
                                }
                              }
                            }
                          },
                          "kind" : "transform",
                          "transform" : [
                            [
                              -0.49999999999999994,
                              0.8660254037844387,
                              -5.830127018922194
                            ],
                            [
                              -0.8660254037844387,
                              -0.49999999999999994,
                              -0.09807621135331629
                            ],
                            [
                              0,
                              0,
                              1
                            ]
                          ]
                        }
                      ],
                      "kind" : "boolean",
                      "type" : "union"
                    }
                  ],
                  "kind" : "boolean",
                  "type" : "difference"
                },
                "kind" : "transform",
                "transform" : [
                  [
                    -0.9271838545667874,
                    -0.374606593415912,
                    -13.90775781850181
                  ],
                  [
                    0.374606593415912,
                    -0.9271838545667874,
                    5.61909890123868
                  ],
                  [
                    0,
                    0,
                    1
                  ]
                ]
              },
              {
                "body" : {
                  "children" : [
                    {
                      "kind" : "shape2D",
                      "primitive" : {
                        "circle" : {
                          "radius" : 5,
                          "segmentCount" : 180
                        }
                      }
                    },
                    {
                      "children" : [
                        {
                          "body" : {
                            "kind" : "shape2D",
                            "primitive" : {
                              "rectangle" : {
                                "size" : {
                                  "x" : 10,
                                  "y" : 10
                                }
                              }
                            }
                          },
                          "kind" : "transform",
                          "transform" : [
                            [
                              1,
                              0,
                              3
                            ],
                            [
                              0,
                              1,
                              -5
                            ],
                            [
                              0,
                              0,
                              1
                            ]
                          ]
                        },
                        {
                          "body" : {
                            "kind" : "shape2D",
                            "primitive" : {
                              "rectangle" : {
                                "size" : {
                                  "x" : 10,
                                  "y" : 10
                                }
                              }
                            }
                          },
                          "kind" : "transform",
                          "transform" : [
                            [
                              -0.49999999999999994,
                              -0.8660254037844387,
                              2.8301270189221936
                            ],
                            [
                              0.8660254037844387,
                              -0.49999999999999994,
                              5.098076211353316
                            ],
                            [
                              0,
                              0,
                              1
                            ]
                          ]
                        },
                        {
                          "body" : {
                            "kind" : "shape2D",
                            "primitive" : {
                              "rectangle" : {
                                "size" : {
                                  "x" : 10,
                                  "y" : 10
                                }
                              }
                            }
                          },
                          "kind" : "transform",
                          "transform" : [
                            [
                              -0.49999999999999994,
                              0.8660254037844387,
                              -5.830127018922194
                            ],
                            [
                              -0.8660254037844387,
                              -0.49999999999999994,
                              -0.09807621135331629
                            ],
                            [
                              0,
                              0,
                              1
                            ]
                          ]
                        }
                      ],
                      "kind" : "boolean",
                      "type" : "union"
                    }
                  ],
                  "kind" : "boolean",
                  "type" : "difference"
                },
                "kind" : "transform",
                "transform" : [
                  [
                    -0.9135454576426009,
                    0.40673664307580015,
                    -13.703181864639014
                  ],
                  [
                    -0.40673664307580015,
                    -0.9135454576426009,
                    -6.101049646137002
                  ],
                  [
                    0,
                    0,
                    1
                  ]
                ]
              }
            ],
            "kind" : "boolean",
            "type" : "union"
          },
          "kind" : "transform",
          "transform" : [
            [
              1,
              0,
              50
            ],
            [
              0,
              1,
              -10
            ],
            [
              0,
              0,
              1
            ]
          ]
        }
      ],
      "kind" : "boolean",
      "type" : "union"
    }
  ]
}