{
  "parts" : [
    {
      "defaultMaterial" : {
        "baseColor" : {
          "alpha" : 1,
          "blue" : 1,
          "green" : 1,
          "red" : 1
        }
      },
      "name" : "Model",
      "type" : "solid"
    },
    {
      "body" : {
        "children" : [
          {
            "children" : [
              {
                "children" : [
                  {
                    "kind" : "shape2D",
                    "primitive" : {
                      "rectangle" : {
                        "size" : {
                          "x" : 10,
                          "y" : 10
                        }
                      }
                    }
                  },
                  {
                    "body" : {
                      "kind" : "shape2D",
                      "primitive" : {
                        "polygon" : {
                          "fillRule" : {
                            "nonZero" : {

                            }
                          },
                          "points" : [
                            {
                              "x" : -4.999999999999999,
                              "y" : -2.758550201264486e-16
                            },
                            {
                              "x" : -4.996954135095478,
                              "y" : -0.17449748351250513
                            },
                            {
                              "x" : -4.98782025129912,
                              "y" : -0.3487823687206268
                            },
                            {
                              "x" : -4.972609476841366,
                              "y" : -0.5226423163382676
                            },
                            {
                              "x" : -4.951340343707851,
                              "y" : -0.6958655048003275
                            },
                            {
                              "x" : -4.924038765061039,
                              "y" : -0.868240888334652
                            },
                            {
                              "x" : -4.890738003669028,
                              "y" : -1.0395584540887968
                            },
                            {
                              "x" : -4.851478631379981,
                              "y" : -1.2096094779983388
                            },
                            {
                              "x" : -4.806308479691594,
                              "y" : -1.378186779084996
                            },
                            {
                              "x" : -4.755282581475766,
                              "y" : -1.5450849718747373
                            },
                            {
                              "x" : -4.698463103929542,
                              "y" : -1.7101007166283437
                            },
                            {
                              "x" : -4.635919272833936,
                              "y" : -1.8730329670795602
                            },
                            {
                              "x" : -4.567727288213003,
                              "y" : -2.033683215379001
                            },
                            {
                              "x" : -4.493970231495834,
                              "y" : -2.1918557339453875
                            },
                            {
                              "x" : -4.414737964294634,
                              "y" : -2.3473578139294546
                            },
                            {
                              "x" : -4.330127018922193,
                              "y" : -2.5
                            },
                            {
                              "x" : -4.240240480782129,
                              "y" : -2.6495963211660247
                            },
                            {
                              "x" : -4.145187862775208,
                              "y" : -2.795964517353734
                            },
                            {
                              "x" : -4.045084971874736,
                              "y" : -2.9389262614623664
                            },
                            {
                              "x" : -3.940053768033609,
                              "y" : -3.078307376628292
                            },
                            {
                              "x" : -3.8302222155948895,
                              "y" : -3.2139380484326967
                            },
                            {
                              "x" : -3.7157241273869706,
                              "y" : -3.3456530317942916
                            },
                            {
                              "x" : -3.5966990016932554,
                              "y" : -3.4732918522949867
                            },
                            {
                              "x" : -3.4732918522949863,
                              "y" : -3.596699001693256
                            },
                            {
                              "x" : -3.3456530317942907,
                              "y" : -3.7157241273869714
                            },
                            {
                              "x" : -3.2139380484326963,
                              "y" : -3.8302222155948904
                            },
                            {
                              "x" : -3.0783073766282913,
                              "y" : -3.94005376803361
                            },
                            {
                              "x" : -2.9389262614623655,
                              "y" : -4.045084971874738
                            },
                            {
                              "x" : -2.7959645173537333,
                              "y" : -4.1451878627752095
                            },
                            {
                              "x" : -2.649596321166024,
                              "y" : -4.240240480782131
                            },
                            {
                              "x" : -2.5,
                              "y" : -4.330127018922194
                            },
                            {
                              "x" : -2.3473578139294538,
                              "y" : -4.414737964294635
                            },
                            {
                              "x" : -2.191855733945387,
                              "y" : -4.493970231495836
                            },
                            {
                              "x" : -2.033683215379001,
                              "y" : -4.567727288213004
                            },
                            {
                              "x" : -1.8730329670795607,
                              "y" : -4.635919272833937
                            },
                            {
                              "x" : -1.710100716628344,
                              "y" : -4.698463103929543
                            },
                            {
                              "x" : -1.545084971874737,
                              "y" : -4.755282581475768
                            },
                            {
                              "x" : -1.3781867790849955,
                              "y" : -4.806308479691595
                            },
                            {
                              "x" : -1.2096094779983382,
                              "y" : -4.851478631379983
                            },
                            {
                              "x" : -1.0395584540887959,
                              "y" : -4.890738003669029
                            },
                            {
                              "x" : -0.8682408883346517,
                              "y" : -4.924038765061041
                            },
                            {
                              "x" : -0.6958655048003269,
                              "y" : -4.9513403437078525
                            },
                            {
                              "x" : -0.522642316338267,
                              "y" : -4.972609476841368
                            },
                            {
                              "x" : -0.3487823687206259,
                              "y" : -4.987820251299122
                            },
                            {
                              "x" : -0.17449748351250513,
                              "y" : -4.996954135095479
                            },
                            {
                              "x" : -3.030667966038976e-17,
                              "y" : -5.000000000000001
                            },
                            {
                              "x" : 5,
                              "y" : -5
                            },
                            {
                              "x" : 5,
                              "y" : 5
                            },
                            {
                              "x" : -5,
                              "y" : 5
                            }
                          ]
                        }
                      }
                    },
                    "kind" : "transform",
                    "transform" : [
                      [
                        1,
                        0,
                        5
                      ],
                      [
                        0,
                        1,
                        5
                      ],
                      [
                        0,
                        0,
                        1
                      ]
                    ]
                  }
                ],
                "kind" : "boolean",
                "type" : "intersection"
              },
              {
                "body" : {
                  "kind" : "shape2D",
                  "primitive" : {
                    "polygon" : {
                      "fillRule" : {
                        "nonZero" : {

                        }
                      },
                      "points" : [
                        {
                          "x" : -5,
                          "y" : -5
                        },
                        {
                          "x" : 2,
                          "y" : -5
                        },
                        {
                          "x" : 2.147203022982254,
                          "y" : -4.996386368615516
                        },
                        {
                          "x" : 2.2940514209886818,
                          "y" : -4.985554180016591
                        },
                        {
                          "x" : 2.4401914233660853,
                          "y" : -4.9675295298943425
                        },
                        {
                          "x" : 2.585270966048385,
                          "y" : -4.942355841209691
                        },
                        {
                          "x" : 2.7289405397097917,
                          "y" : -4.910093759583631
                        },
                        {
                          "x" : 2.870854031763387,
                          "y" : -4.870821007196627
                        },
                        {
                          "x" : 3.01066956017666,
                          "y" : -4.8246321955490625
                        },
                        {
                          "x" : 3.1480502970952693,
                          "y" : -4.77163859753386
                        },
                        {
                          "x" : 3.2826652802908463,
                          "y" : -4.71196787937033
                        },
                        {
                          "x" : 3.414190210477993,
                          "y" : -4.645763793045065
                        },
                        {
                          "x" : 3.542308232579665,
                          "y" : -4.573185830000816
                        },
                        {
                          "x" : 3.6667106990588065,
                          "y" : -4.494408836907636
                        },
                        {
                          "x" : 3.7870979134773,
                          "y" : -4.4096225944419345
                        },
                        {
                          "x" : 3.9031798524909362,
                          "y" : -4.319031360088211
                        },
                        {
                          "x" : 4.014676864541055,
                          "y" : -4.222853376064878
                        },
                        {
                          "x" : 4.121320343559642,
                          "y" : -4.121320343559643
                        },
                        {
                          "x" : 4.222853376064878,
                          "y" : -4.014676864541055
                        },
                        {
                          "x" : 4.319031360088211,
                          "y" : -3.9031798524909362
                        },
                        {
                          "x" : 4.4096225944419345,
                          "y" : -3.7870979134773
                        },
                        {
                          "x" : 4.494408836907636,
                          "y" : -3.666710699058807
                        },
                        {
                          "x" : 4.573185830000816,
                          "y" : -3.542308232579665
                        },
                        {
                          "x" : 4.645763793045065,
                          "y" : -3.4141902104779933
                        },
                        {
                          "x" : 4.71196787937033,
                          "y" : -3.2826652802908467
                        },
                        {
                          "x" : 4.77163859753386,
                          "y" : -3.1480502970952697
                        },
                        {
                          "x" : 4.8246321955490625,
                          "y" : -3.01066956017666
                        },
                        {
                          "x" : 4.870821007196627,
                          "y" : -2.870854031763387
                        },
                        {
                          "x" : 4.910093759583632,
                          "y" : -2.728940539709792
                        },
                        {
                          "x" : 4.942355841209691,
                          "y" : -2.5852709660483852
                        },
                        {
                          "x" : 4.967529529894343,
                          "y" : -2.4401914233660853
                        },
                        {
                          "x" : 4.985554180016591,
                          "y" : -2.2940514209886826
                        },
                        {
                          "x" : 4.996386368615518,
                          "y" : -2.1472030229822545
                        },
                        {
                          "x" : 5,
                          "y" : -2.0000000000000004
                        },
                        {
                          "x" : 5,
                          "y" : 5
                        },
                        {
                          "x" : -5,
                          "y" : 5
                        }
                      ]
                    }
                  }
                },
                "kind" : "transform",
                "transform" : [
                  [
                    1,
                    0,
                    5
                  ],
                  [
                    0,
                    1,
                    5
                  ],
                  [
                    0,
                    0,
                    1
                  ]
                ]
              }
            ],
            "kind" : "boolean",
            "type" : "intersection"
          },
          {
            "body" : {
              "kind" : "shape2D",
              "primitive" : {
                "polygon" : {
                  "fillRule" : {
                    "nonZero" : {

                    }
                  },
                  "points" : [
                    {
                      "x" : -5,
                      "y" : -5
                    },
                    {
                      "x" : 5,
                      "y" : -5
                    },
                    {
                      "x" : 5,
                      "y" : 3
                    },
                    {
                      "x" : 4.99440759436236,
                      "y" : 3.1494601871728483
                    },
                    {
                      "x" : 4.977661652450257,
                      "y" : 3.2980845323523487
                    },
                    {
                      "x" : 4.949855824363647,
                      "y" : 3.4450418679126287
                    },
                    {
                      "x" : 4.911145611572282,
                      "y" : 3.5895103488218085
                    },
                    {
                      "x" : 4.861747497288409,
                      "y" : 3.73068204873279
                    },
                    {
                      "x" : 4.801937735804838,
                      "y" : 3.867767478235116
                    },
                    {
                      "x" : 4.732050807568878,
                      "y" : 4
                    },
                    {
                      "x" : 4.65247754863199,
                      "y" : 4.126640116127244
                    },
                    {
                      "x" : 4.56366296493606,
                      "y" : 4.246979603717467
                    },
                    {
                      "x" : 4.4661037436596525,
                      "y" : 4.3603454755418385
                    },
                    {
                      "x" : 4.3603454755418385,
                      "y" : 4.4661037436596525
                    },
                    {
                      "x" : 4.246979603717467,
                      "y" : 4.56366296493606
                    },
                    {
                      "x" : 4.126640116127244,
                      "y" : 4.65247754863199
                    },
                    {
                      "x" : 4,
                      "y" : 4.732050807568877
                    },
                    {
                      "x" : 3.867767478235116,
                      "y" : 4.801937735804838
                    },
                    {
                      "x" : 3.7306820487327905,
                      "y" : 4.861747497288408
                    },
                    {
                      "x" : 3.5895103488218085,
                      "y" : 4.911145611572281
                    },
                    {
                      "x" : 3.4450418679126287,
                      "y" : 4.949855824363647
                    },
                    {
                      "x" : 3.298084532352349,
                      "y" : 4.977661652450257
                    },
                    {
                      "x" : 3.1494601871728487,
                      "y" : 4.99440759436236
                    },
                    {
                      "x" : 3,
                      "y" : 5
                    },
                    {
                      "x" : -5,
                      "y" : 5
                    }
                  ]
                }
              }
            },
            "kind" : "transform",
            "transform" : [
              [
                1,
                0,
                5
              ],
              [
                0,
                1,
                5
              ],
              [
                0,
                0,
                1
              ]
            ]
          }
        ],
        "kind" : "boolean",
        "type" : "intersection"
      },
      "kind" : "transform",
      "transform" : [
        [
          0.7071067811865476,
          -0.7071067811865475,
          -6.535533905932738
        ],
        [
          0.7071067811865475,
          0.7071067811865476,
          -3.5355339059327373
        ],
        [
          0,
          0,
          1
        ]
      ]
    }
  ]
}